{"_e":"root:init","_t":1791382712669,"format":"v0-jsonl","version":"57.0.28"}
{"_e":"env:mode","_t":1791382712715,"nodeEnv":"development","babelEnv":"development","mode":"development"}
{"_e":"env:load","_t":1791382712772,"mode":"development","files":[],"env":{}}
{"_e":"devserver:start","_t":1791382735302,"mode":"development","web":true,"baseUrl":"","asyncRoutes":false,"routerRoot":"../..\\..\\app","serverComponents":false,"serverActions":false,"serverRendering":false,"apiRoutes":false,"exporting":false}
{"_e":"metro:config","_t":1791382747227,"serverRoot":"../..\\..","projectRoot":"../..\\..","exporting":false,"flags":{"autolinkingModuleResolution":false,"serverActions":false,"serverComponents":false,"reactCompiler":false,"optimizeGraph":false,"treeshaking":false,"logbox":false}}
{"_e":"expo:dev-tools-plugin:load","_t":1791382757608,"plugins":[{"packageName":"expo-sqlite","bannerTitle":"expo-sqlite","cliBanner":false,"webpageEndpoint":"/_expo/plugins/expo-sqlite"}]}
{"_e":"metro:instantiate","_t":1791382776446,"atlas":false,"workers":3,"host":"::","port":8081}
{"_e":"metro:bundling:started","_t":1791382848591,"id":"3","platform":"android","environment":null,"entry":"index.ts"}
{"_e":"metro:bundling:progress","_t":1791382848592,"id":"3","progress":0,"total":1,"current":0}
{"_e":"metro:bundling:progress","_t":1791382848605,"id":"3","progress":0,"total":1,"current":0}
{"_e":"metro:bundling:progress","_t":1791382848711,"id":"3","progress":0.010000000000000002,"total":3,"current":1}
{"_e":"metro:bundling:progress","_t":1791382851093,"id":"3","progress":0.04000000000000001,"total":3,"current":2}
{"_e":"metro:bundling:progress","_t":1791382851193,"id":"3","progress":0.04000000000000001,"total":9,"current":2}
{"_e":"metro:bundling:progress","_t":1791382851313,"id":"3","progress":0.09,"total":9,"current":3}
{"_e":"metro:bundling:progress","_t":1791382851452,"id":"3","progress":0.09,"total":25,"current":4}
{"_e":"metro:bundling:progress","_t":1791382851600,"id":"3","progress":0.09,"total":25,"current":5}
{"_e":"metro:bundling:progress","_t":1791382851708,"id":"3","progress":0.09,"total":26,"current":7}
{"_e":"metro:bundling:progress","_t":1791382851811,"id":"3","progress":0.09,"total":28,"current":8}
{"_e":"metro:bundling:progress","_t":1791382851939,"id":"3","progress":0.09,"total":52,"current":10}
{"_e":"metro:bundling:progress","_t":1791382852042,"id":"3","progress":0.09,"total":53,"current":11}
{"_e":"metro:bundling:progress","_t":1791382852154,"id":"3","progress":0.09,"total":54,"current":11}
{"_e":"metro:bundling:progress","_t":1791382852424,"id":"3","progress":0.09,"total":54,"current":12}
{"_e":"metro:bundling:progress","_t":1791382852642,"id":"3","progress":0.09,"total":79,"current":14}
{"_e":"metro:bundling:progress","_t":1791382852869,"id":"3","progress":0.09,"total":177,"current":16}
{"_e":"metro:bundling:progress","_t":1791382853134,"id":"3","progress":0.09,"total":181,"current":16}
{"_e":"metro:bundling:progress","_t":1791382853315,"id":"3","progress":0.09,"total":181,"current":17}
{"_e":"metro:bundling:progress","_t":1791382853444,"id":"3","progress":0.09,"total":190,"current":18}
{"_e":"metro:bundling:progress","_t":1791382853603,"id":"3","progress":0.09,"total":191,"current":19}
{"_e":"metro:bundling:progress","_t":1791382853769,"id":"3","progress":0.09,"total":191,"current":20}
{"_e":"metro:bundling:progress","_t":1791382853942,"id":"3","progress":0.09,"total":192,"current":21}
{"_e":"metro:bundling:progress","_t":1791382854194,"id":"3","progress":0.09,"total":193,"current":22}
{"_e":"metro:bundling:progress","_t":1791382854494,"id":"3","progress":0.09,"total":193,"current":23}
{"_e":"metro:bundling:progress","_t":1791382854630,"id":"3","progress":0.09,"total":196,"current":24}
{"_e":"metro:bundling:progress","_t":1791382854733,"id":"3","progress":0.09,"total":200,"current":26}
{"_e":"metro:bundling:progress","_t":1791382855820,"id":"3","progress":0.09,"total":200,"current":27}
{"_e":"metro:bundling:progress","_t":1791382856063,"id":"3","progress":0.09,"total":200,"current":28}
{"_e":"metro:bundling:progress","_t":1791382856199,"id":"3","progress":0.09,"total":201,"current":31}
{"_e":"metro:bundling:progress","_t":1791382856300,"id":"3","progress":0.09,"total":205,"current":34}
{"_e":"metro:bundling:progress","_t":1791382856405,"id":"3","progress":0.09,"total":206,"current":38}
{"_e":"metro:bundling:progress","_t":1791382856523,"id":"3","progress":0.09,"total":209,"current":43}
{"_e":"metro:bundling:progress","_t":1791382856636,"id":"3","progress":0.09,"total":209,"current":48}
{"_e":"metro:bundling:progress","_t":1791382856753,"id":"3","progress":0.09,"total":209,"current":51}
{"_e":"metro:bundling:progress","_t":1791382856835,"id":"3","progress":0.09,"total":209,"current":52}
{"_e":"metro:bundling:progress","_t":1791382856943,"id":"3","progress":0.09,"total":209,"current":54}
{"_e":"metro:bundling:progress","_t":1791382857214,"id":"3","progress":0.09,"total":209,"current":55}
{"_e":"metro:bundling:progress","_t":1791382857345,"id":"3","progress":0.09,"total":210,"current":56}
{"_e":"metro:bundling:progress","_t":1791382857454,"id":"3","progress":0.09,"total":211,"current":57}
{"_e":"metro:bundling:progress","_t":1791382857573,"id":"3","progress":0.09,"total":211,"current":58}
{"_e":"metro:bundling:progress","_t":1791382857677,"id":"3","progress":0.09,"total":211,"current":61}
{"_e":"metro:bundling:progress","_t":1791382857774,"id":"3","progress":0.09,"total":211,"current":62}
{"_e":"metro:bundling:progress","_t":1791382857876,"id":"3","progress":0.09489903640978416,"total":211,"current":65}
{"_e":"metro:bundling:progress","_t":1791382857979,"id":"3","progress":0.10386109925653063,"total":211,"current":68}
{"_e":"metro:bundling:progress","_t":1791382858103,"id":"3","progress":0.11006042092495676,"total":211,"current":70}
{"_e":"metro:bundling:progress","_t":1791382858216,"id":"3","progress":0.11322746569034836,"total":211,"current":71}
{"_e":"metro:bundling:progress","_t":1791382858343,"id":"3","progress":0.1164394330765257,"total":211,"current":72}
{"_e":"metro:bundling:progress","_t":1791382858460,"id":"3","progress":0.11969632308348871,"total":211,"current":73}
{"_e":"metro:bundling:progress","_t":1791382858595,"id":"3","progress":0.1263448709597718,"total":211,"current":75}
{"_e":"metro:bundling:progress","_t":1791382858701,"id":"3","progress":0.1297365288290919,"total":211,"current":76}
{"_e":"metro:bundling:progress","_t":1791382858861,"id":"3","progress":0.13317310931919768,"total":211,"current":77}
{"_e":"metro:bundling:progress","_t":1791382858972,"id":"3","progress":0.14018103816176633,"total":211,"current":79}
{"_e":"metro:bundling:progress","_t":1791382859158,"id":"3","progress":0.14375238651422922,"total":211,"current":80}
{"_e":"metro:bundling:progress","_t":1791382859316,"id":"3","progress":0.14736865748747785,"total":211,"current":81}
{"_e":"metro:bundling:progress","_t":1791382859493,"id":"3","progress":0.1510298510815121,"total":211,"current":82}
{"_e":"metro:bundling:progress","_t":1791382859631,"id":"3","progress":0.1510298510815121,"total":214,"current":83}
{"_e":"metro:bundling:progress","_t":1791382859760,"id":"3","progress":0.1540745916673945,"total":214,"current":84}
{"_e":"metro:bundling:progress","_t":1791382859887,"id":"3","progress":0.1540745916673945,"total":215,"current":84}
{"_e":"metro:bundling:progress","_t":1791382860286,"id":"3","progress":0.1563007030827474,"total":215,"current":85}
{"_e":"metro:bundling:progress","_t":1791382860505,"id":"3","progress":0.15852194787379972,"total":216,"current":86}
{"_e":"metro:bundling:progress","_t":1791382860748,"id":"3","progress":0.16222993827160495,"total":216,"current":87}
{"_e":"metro:bundling:progress","_t":1791382860848,"id":"3","progress":0.16222993827160495,"total":225,"current":89}
{"_e":"metro:bundling:progress","_t":1791382861124,"id":"3","progress":0.16222993827160495,"total":225,"current":90}
{"_e":"metro:bundling:progress","_t":1791382861231,"id":"3","progress":0.16349716446124762,"total":230,"current":93}
{"_e":"metro:bundling:progress","_t":1791382861342,"id":"3","progress":0.17060491493383742,"total":230,"current":95}
{"_e":"metro:bundling:progress","_t":1791382861433,"id":"3","progress":0.17421550094517957,"total":230,"current":96}
{"_e":"metro:bundling:progress","_t":1791382861533,"id":"3","progress":0.17421550094517957,"total":239,"current":98}
{"_e":"metro:bundling:progress","_t":1791382861664,"id":"3","progress":0.17421550094517957,"total":239,"current":99}
{"_e":"metro:bundling:progress","_t":1791382861803,"id":"3","progress":0.17421550094517957,"total":241,"current":99}
{"_e":"metro:bundling:progress","_t":1791382862001,"id":"3","progress":0.17421550094517957,"total":241,"current":100}
{"_e":"metro:bundling:progress","_t":1791382862257,"id":"3","progress":0.17421550094517957,"total":245,"current":101}
{"_e":"metro:bundling:progress","_t":1791382862360,"id":"3","progress":0.17421550094517957,"total":247,"current":102}
{"_e":"metro:bundling:progress","_t":1791382862467,"id":"3","progress":0.17421550094517957,"total":249,"current":103}
{"_e":"metro:bundling:progress","_t":1791382862566,"id":"3","progress":0.17421550094517957,"total":250,"current":104}
{"_e":"metro:bundling:progress","_t":1791382862772,"id":"3","progress":0.17639999999999997,"total":250,"current":105}
{"_e":"metro:bundling:progress","_t":1791382862876,"id":"3","progress":0.17639999999999997,"total":253,"current":106}
{"_e":"metro:bundling:progress","_t":1791382862978,"id":"3","progress":0.18222437469730818,"total":253,"current":108}
{"_e":"metro:bundling:progress","_t":1791382863289,"id":"3","progress":0.18561452295770908,"total":253,"current":109}
{"_e":"metro:bundling:progress","_t":1791382863389,"id":"3","progress":0.18561452295770908,"total":262,"current":111}
{"_e":"metro:bundling:progress","_t":1791382863681,"id":"3","progress":0.18561452295770908,"total":262,"current":112}
{"_e":"metro:bundling:progress","_t":1791382863796,"id":"3","progress":0.18561452295770908,"total":266,"current":113}
{"_e":"metro:bundling:progress","_t":1791382863921,"id":"3","progress":0.18561452295770908,"total":267,"current":115}
{"_e":"metro:bundling:progress","_t":1791382864069,"id":"3","progress":0.1887528230161736,"total":267,"current":116}
{"_e":"metro:bundling:progress","_t":1791382864176,"id":"3","progress":0.18917649009825735,"total":269,"current":117}
{"_e":"metro:bundling:progress","_t":1791382864282,"id":"3","progress":0.19242409585273837,"total":269,"current":118}
{"_e":"metro:bundling:progress","_t":1791382864454,"id":"3","progress":0.19425240054869686,"total":270,"current":119}
{"_e":"metro:bundling:progress","_t":1791382864554,"id":"3","progress":0.19935730722620879,"total":271,"current":121}
{"_e":"metro:bundling:progress","_t":1791382864657,"id":"3","progress":0.20266608570144742,"total":271,"current":122}
{"_e":"metro:bundling:progress","_t":1791382864842,"id":"3","progress":0.20299480739041179,"total":273,"current":123}
{"_e":"metro:bundling:progress","_t":1791382864992,"id":"3","progress":0.20299480739041179,"total":274,"current":123}
{"_e":"metro:bundling:progress","_t":1791382865143,"id":"3","progress":0.2048057967925835,"total":274,"current":124}
{"_e":"metro:bundling:progress","_t":1791382865253,"id":"3","progress":0.21173335433732407,"total":276,"current":127}
{"_e":"metro:bundling:progress","_t":1791382865402,"id":"3","progress":0.21508086536441925,"total":276,"current":128}
{"_e":"metro:bundling:progress","_t":1791382865511,"id":"3","progress":0.21508086536441925,"total":285,"current":131}
{"_e":"metro:bundling:progress","_t":1791382865654,"id":"3","progress":0.21508086536441925,"total":285,"current":132}
{"_e":"metro:bundling:progress","_t":1791382865752,"id":"3","progress":0.2195217370042545,"total":286,"current":134}
{"_e":"metro:bundling:progress","_t":1791382865857,"id":"3","progress":0.22628520447530862,"total":288,"current":137}
{"_e":"metro:bundling:progress","_t":1791382865993,"id":"3","progress":0.23145687934719714,"total":291,"current":140}
{"_e":"metro:bundling:progress","_t":1791382866079,"id":"3","progress":0.23477521521947073,"total":291,"current":141}
{"_e":"metro:bundling:progress","_t":1791382866277,"id":"3","progress":0.23996758582907232,"total":296,"current":145}
{"_e":"metro:bundling:progress","_t":1791382866380,"id":"3","progress":0.24500844509569245,"total":299,"current":148}
{"_e":"metro:bundling:progress","_t":1791382866486,"id":"3","progress":0.24500844509569245,"total":304,"current":149}
{"_e":"metro:bundling:progress","_t":1791382866649,"id":"3","progress":0.24513787944699678,"total":307,"current":152}
{"_e":"metro:bundling:progress","_t":1791382866750,"id":"3","progress":0.24680514464168313,"total":312,"current":155}
{"_e":"metro:bundling:progress","_t":1791382866986,"id":"3","progress":0.25,"total":312,"current":156}
{"_e":"metro:bundling:progress","_t":1791382867102,"id":"3","progress":0.2532154010519395,"total":312,"current":157}
{"_e":"metro:bundling:progress","_t":1791382867210,"id":"3","progress":0.26458369484224603,"total":313,"current":161}
{"_e":"metro:bundling:progress","_t":1791382867325,"id":"3","progress":0.26947340662907215,"total":314,"current":163}
{"_e":"metro:bundling:progress","_t":1791382867449,"id":"3","progress":0.27579011906174594,"total":318,"current":167}
{"_e":"metro:bundling:progress","_t":1791382867520,"id":"3","progress":0.27910288358846563,"total":318,"current":168}
{"_e":"metro:bundling:progress","_t":1791382867628,"id":"3","progress":0.285556640625,"total":320,"current":171}
{"_e":"metro:bundling:progress","_t":1791382867725,"id":"3","progress":0.28890625,"total":320,"current":172}
{"_e":"metro:bundling:progress","_t":1791382867825,"id":"3","progress":0.299072265625,"total":320,"current":175}
{"_e":"metro:bundling:progress","_t":1791382867910,"id":"3","progress":0.30250000000000005,"total":320,"current":176}
{"_e":"metro:bundling:progress","_t":1791382868062,"id":"3","progress":0.30711499199647263,"total":323,"current":179}
{"_e":"metro:bundling:progress","_t":1791382868210,"id":"3","progress":0.30711499199647263,"total":345,"current":183}
{"_e":"metro:bundling:progress","_t":1791382868313,"id":"3","progress":0.30711499199647263,"total":346,"current":184}
{"_e":"metro:bundling:progress","_t":1791382868417,"id":"3","progress":0.30711499199647263,"total":355,"current":185}
{"_e":"metro:bundling:progress","_t":1791382868528,"id":"3","progress":0.30711499199647263,"total":356,"current":187}
{"_e":"metro:bundling:progress","_t":1791382868649,"id":"3","progress":0.30711499199647263,"total":362,"current":190}
{"_e":"metro:bundling:progress","_t":1791382868750,"id":"3","progress":0.30711499199647263,"total":376,"current":194}
{"_e":"metro:bundling:progress","_t":1791382868867,"id":"3","progress":0.30711499199647263,"total":380,"current":197}
{"_e":"metro:bundling:progress","_t":1791382868937,"id":"3","progress":0.30711499199647263,"total":380,"current":198}
{"_e":"metro:bundling:progress","_t":1791382869038,"id":"3","progress":0.30711499199647263,"total":383,"current":199}
{"_e":"metro:bundling:progress","_t":1791382869147,"id":"3","progress":0.30711499199647263,"total":383,"current":200}
{"_e":"metro:bundling:progress","_t":1791382869263,"id":"3","progress":0.30711499199647263,"total":383,"current":201}
{"_e":"metro:bundling:progress","_t":1791382869369,"id":"3","progress":0.30711499199647263,"total":383,"current":202}
{"_e":"metro:bundling:progress","_t":1791382869478,"id":"3","progress":0.30711499199647263,"total":383,"current":205}
{"_e":"metro:bundling:progress","_t":1791382869598,"id":"3","progress":0.30711499199647263,"total":388,"current":209}
{"_e":"metro:bundling:progress","_t":1791382869710,"id":"3","progress":0.30711499199647263,"total":388,"current":211}
{"_e":"metro:bundling:progress","_t":1791382869794,"id":"3","progress":0.30711499199647263,"total":388,"current":212}
{"_e":"metro:bundling:progress","_t":1791382869905,"id":"3","progress":0.30711499199647263,"total":394,"current":216}
{"_e":"metro:bundling:progress","_t":1791382870095,"id":"3","progress":0.30711499199647263,"total":396,"current":218}
{"_e":"metro:bundling:progress","_t":1791382870243,"id":"3","progress":0.30711499199647263,"total":396,"current":219}
{"_e":"metro:bundling:progress","_t":1791382870374,"id":"3","progress":0.30711499199647263,"total":403,"current":223}
{"_e":"metro:bundling:progress","_t":1791382870496,"id":"3","progress":0.30833871620112413,"total":407,"current":226}
{"_e":"metro:bundling:progress","_t":1791382870613,"id":"3","progress":0.3134904741124216,"total":409,"current":229}
{"_e":"metro:bundling:progress","_t":1791382870713,"id":"3","progress":0.3245377538393482,"total":409,"current":233}
{"_e":"metro:bundling:progress","_t":1791382870813,"id":"3","progress":0.3280910908459168,"total":419,"current":240}
{"_e":"metro:bundling:progress","_t":1791382870926,"id":"3","progress":0.33199546485260767,"total":420,"current":242}
{"_e":"metro:bundling:progress","_t":1791382871028,"id":"3","progress":0.3359042208066983,"total":421,"current":244}
{"_e":"metro:bundling:progress","_t":1791382871173,"id":"3","progress":0.34373410682449457,"total":423,"current":248}
{"_e":"metro:bundling:progress","_t":1791382871286,"id":"3","progress":0.34439815733209905,"total":426,"current":250}
{"_e":"metro:bundling:progress","_t":1791382871400,"id":"3","progress":0.3477975016436555,"total":429,"current":253}
{"_e":"metro:bundling:progress","_t":1791382871499,"id":"3","progress":0.3505523225802947,"total":429,"current":254}
{"_e":"metro:bundling:progress","_t":1791382871651,"id":"3","progress":0.35228200054403186,"total":433,"current":257}
{"_e":"metro:bundling:progress","_t":1791382871751,"id":"3","progress":0.3545038974765491,"total":435,"current":259}
{"_e":"metro:bundling:progress","_t":1791382871890,"id":"3","progress":0.3545038974765491,"total":452,"current":261}
{"_e":"metro:bundling:progress","_t":1791382872001,"id":"3","progress":0.3545038974765491,"total":459,"current":266}
{"_e":"metro:bundling:progress","_t":1791382872137,"id":"3","progress":0.3545038974765491,"total":459,"current":267}
{"_e":"metro:bundling:progress","_t":1791382872276,"id":"3","progress":0.3545038974765491,"total":459,"current":268}
{"_e":"metro:bundling:progress","_t":1791382872424,"id":"3","progress":0.3545038974765491,"total":460,"current":271}
{"_e":"metro:bundling:progress","_t":1791382872530,"id":"3","progress":0.3545038974765491,"total":467,"current":272}
{"_e":"metro:bundling:progress","_t":1791382872719,"id":"3","progress":0.3545038974765491,"total":474,"current":275}
{"_e":"metro:bundling:progress","_t":1791382872921,"id":"3","progress":0.3545038974765491,"total":474,"current":276}
{"_e":"metro:bundling:progress","_t":1791382873021,"id":"3","progress":0.3545038974765491,"total":477,"current":279}
{"_e":"metro:bundling:progress","_t":1791382873140,"id":"3","progress":0.3545038974765491,"total":477,"current":280}
{"_e":"metro:bundling:progress","_t":1791382873262,"id":"3","progress":0.3545038974765491,"total":481,"current":286}
{"_e":"metro:bundling:progress","_t":1791382873394,"id":"3","progress":0.3575300244446806,"total":485,"current":290}
{"_e":"metro:bundling:progress","_t":1791382873516,"id":"3","progress":0.36444897941973864,"total":487,"current":294}
{"_e":"metro:bundling:progress","_t":1791382873601,"id":"3","progress":0.3669324405803457,"total":487,"current":295}
{"_e":"metro:bundling:progress","_t":1791382873704,"id":"3","progress":0.3704019416823434,"total":488,"current":297}
{"_e":"metro:bundling:progress","_t":1791382873805,"id":"3","progress":0.3748438150770512,"total":490,"current":300}
{"_e":"metro:bundling:progress","_t":1791382873921,"id":"3","progress":0.37524943529905486,"total":493,"current":302}
{"_e":"metro:bundling:progress","_t":1791382874044,"id":"3","progress":0.37869822485207105,"total":494,"current":304}
{"_e":"metro:bundling:progress","_t":1791382874148,"id":"3","progress":0.37869822485207105,"total":503,"current":308}
{"_e":"metro:bundling:progress","_t":1791382874255,"id":"3","progress":0.37869822485207105,"total":513,"current":310}
{"_e":"metro:bundling:progress","_t":1791382874361,"id":"3","progress":0.37869822485207105,"total":515,"current":315}
{"_e":"metro:bundling:progress","_t":1791382874493,"id":"3","progress":0.37869822485207105,"total":519,"current":318}
{"_e":"metro:bundling:progress","_t":1791382874614,"id":"3","progress":0.37869822485207105,"total":522,"current":320}
{"_e":"metro:bundling:progress","_t":1791382874752,"id":"3","progress":0.37869822485207105,"total":522,"current":321}
{"_e":"metro:bundling:progress","_t":1791382874863,"id":"3","progress":0.3900265703674345,"total":522,"current":326}
{"_e":"metro:bundling:progress","_t":1791382875015,"id":"3","progress":0.39421143872734693,"total":524,"current":329}
{"_e":"metro:bundling:progress","_t":1791382875068,"id":"3","progress":0.39661150282617563,"total":524,"current":330}
{"_e":"metro:bundling:progress","_t":1791382875188,"id":"3","progress":0.40079009382816005,"total":526,"current":333}
{"_e":"metro:bundling:progress","_t":1791382875251,"id":"3","progress":0.4032008558747416,"total":526,"current":334}
{"_e":"metro:bundling:progress","_t":1791382875352,"id":"3","progress":0.40604683701735533,"total":532,"current":339}
{"_e":"metro:bundling:progress","_t":1791382875455,"id":"3","progress":0.40604683701735533,"total":567,"current":343}
{"_e":"metro:bundling:progress","_t":1791382875595,"id":"3","progress":0.40604683701735533,"total":567,"current":345}
{"_e":"metro:bundling:progress","_t":1791382875738,"id":"3","progress":0.40604683701735533,"total":574,"current":348}
{"_e":"metro:bundling:progress","_t":1791382875807,"id":"3","progress":0.40604683701735533,"total":574,"current":349}
{"_e":"metro:bundling:progress","_t":1791382875910,"id":"3","progress":0.40604683701735533,"total":575,"current":353}
{"_e":"metro:bundling:progress","_t":1791382876019,"id":"3","progress":0.40604683701735533,"total":577,"current":354}
{"_e":"metro:bundling:progress","_t":1791382876107,"id":"3","progress":0.40604683701735533,"total":577,"current":355}
{"_e":"metro:bundling:progress","_t":1791382876209,"id":"3","progress":0.40604683701735533,"total":578,"current":357}
{"_e":"metro:bundling:progress","_t":1791382876325,"id":"3","progress":0.40604683701735533,"total":578,"current":358}
{"_e":"metro:bundling:progress","_t":1791382876441,"id":"3","progress":0.40604683701735533,"total":578,"current":359}
{"_e":"metro:bundling:progress","_t":1791382876549,"id":"3","progress":0.40604683701735533,"total":588,"current":361}
{"_e":"metro:bundling:progress","_t":1791382876650,"id":"3","progress":0.40604683701735533,"total":592,"current":364}
{"_e":"metro:bundling:progress","_t":1791382876750,"id":"3","progress":0.40604683701735533,"total":593,"current":367}
{"_e":"metro:bundling:progress","_t":1791382876853,"id":"3","progress":0.40604683701735533,"total":594,"current":370}
{"_e":"metro:bundling:progress","_t":1791382876953,"id":"3","progress":0.40604683701735533,"total":599,"current":376}
{"_e":"metro:bundling:progress","_t":1791382877124,"id":"3","progress":0.40604683701735533,"total":599,"current":379}
{"_e":"metro:bundling:progress","_t":1791382877160,"id":"3","progress":0.40604683701735533,"total":599,"current":380}
{"_e":"metro:bundling:progress","_t":1791382877264,"id":"3","progress":0.40604683701735533,"total":600,"current":380}
{"_e":"metro:bundling:progress","_t":1791382877403,"id":"3","progress":0.4061146010116251,"total":601,"current":383}
{"_e":"metro:bundling:progress","_t":1791382877510,"id":"3","progress":0.41189574515482286,"total":603,"current":387}
{"_e":"metro:bundling:progress","_t":1791382877624,"id":"3","progress":0.4190633086268147,"total":604,"current":391}
{"_e":"metro:bundling:progress","_t":1791382877736,"id":"3","progress":0.42120959607034775,"total":604,"current":392}
{"_e":"metro:bundling:progress","_t":1791382877846,"id":"3","progress":0.42120959607034775,"total":615,"current":395}
{"_e":"metro:bundling:progress","_t":1791382878046,"id":"3","progress":0.42120959607034775,"total":615,"current":396}
{"_e":"metro:bundling:progress","_t":1791382878176,"id":"3","progress":0.42120959607034775,"total":616,"current":397}
{"_e":"metro:bundling:progress","_t":1791382878278,"id":"3","progress":0.42120959607034775,"total":616,"current":398}
{"_e":"metro:bundling:progress","_t":1791382878404,"id":"3","progress":0.42120959607034775,"total":616,"current":399}
{"_e":"metro:bundling:progress","_t":1791382878506,"id":"3","progress":0.42120959607034775,"total":617,"current":400}
{"_e":"metro:bundling:progress","_t":1791382878655,"id":"3","progress":0.42120959607034775,"total":618,"current":401}
{"_e":"metro:bundling:progress","_t":1791382878771,"id":"3","progress":0.4231313036101424,"total":618,"current":402}
{"_e":"metro:bundling:progress","_t":1791382878940,"id":"3","progress":0.4273520386254857,"total":618,"current":404}
{"_e":"metro:bundling:progress","_t":1791382879106,"id":"3","progress":0.4294702610990669,"total":618,"current":405}
{"_e":"metro:bundling:progress","_t":1791382879490,"id":"3","progress":0.43159372021658754,"total":618,"current":406}
{"_e":"metro:bundling:progress","_t":1791382879595,"id":"3","progress":0.43159372021658754,"total":625,"current":409}
{"_e":"metro:bundling:progress","_t":1791382879777,"id":"3","progress":0.43159372021658754,"total":631,"current":411}
{"_e":"metro:bundling:progress","_t":1791382879879,"id":"3","progress":0.43159372021658754,"total":636,"current":417}
{"_e":"metro:bundling:progress","_t":1791382880033,"id":"3","progress":0.43195482773624455,"total":636,"current":418}
{"_e":"metro:bundling:progress","_t":1791382880133,"id":"3","progress":0.4430501097915317,"total":637,"current":424}
{"_e":"metro:bundling:progress","_t":1791382880255,"id":"3","progress":0.4479343756448934,"total":638,"current":427}
{"_e":"metro:bundling:progress","_t":1791382880375,"id":"3","progress":0.45425064612179517,"total":638,"current":430}
{"_e":"metro:bundling:progress","_t":1791382880476,"id":"3","progress":0.4606111378622459,"total":638,"current":433}
{"_e":"metro:bundling:progress","_t":1791382880585,"id":"3","progress":0.4647793400035533,"total":641,"current":437}
{"_e":"metro:bundling:progress","_t":1791382880699,"id":"3","progress":0.4703869159194968,"total":643,"current":441}
{"_e":"metro:bundling:progress","_t":1791382880823,"id":"3","progress":0.4753288839165155,"total":644,"current":444}
{"_e":"metro:bundling:progress","_t":1791382880897,"id":"3","progress":0.47747241618764713,"total":644,"current":445}
{"_e":"metro:bundling:progress","_t":1791382880997,"id":"3","progress":0.48177394776436094,"total":644,"current":447}
{"_e":"metro:bundling:progress","_t":1791382881099,"id":"3","progress":0.48393194706994325,"total":644,"current":448}
{"_e":"metro:bundling:progress","_t":1791382881209,"id":"3","progress":0.48458866654648153,"total":645,"current":449}
{"_e":"metro:bundling:progress","_t":1791382881308,"id":"3","progress":0.48674959437533805,"total":645,"current":450}
{"_e":"metro:bundling:progress","_t":1791382881411,"id":"3","progress":0.4932612222823148,"total":645,"current":453}
{"_e":"metro:bundling:progress","_t":1791382881521,"id":"3","progress":0.4998161168199026,"total":645,"current":456}
{"_e":"metro:bundling:progress","_t":1791382881624,"id":"3","progress":0.5064142779881017,"total":645,"current":459}
{"_e":"metro:bundling:progress","_t":1791382881734,"id":"3","progress":0.5070498135705317,"total":646,"current":460}
{"_e":"metro:bundling:progress","_t":1791382881840,"id":"3","progress":0.5203634655752475,"total":646,"current":466}
{"_e":"metro:bundling:progress","_t":1791382881941,"id":"3","progress":0.5203634655752475,"total":652,"current":470}
{"_e":"metro:bundling:progress","_t":1791382882063,"id":"3","progress":0.5218511234897814,"total":652,"current":471}
{"_e":"metro:bundling:progress","_t":1791382882174,"id":"3","progress":0.5269025747580374,"total":653,"current":474}
{"_e":"metro:bundling:progress","_t":1791382882302,"id":"3","progress":0.5297346837621225,"total":654,"current":476}
{"_e":"metro:bundling:progress","_t":1791382882427,"id":"3","progress":0.532565701299458,"total":655,"current":478}
{"_e":"metro:bundling:progress","_t":1791382882566,"id":"3","progress":0.5333425160697889,"total":660,"current":482}
{"_e":"metro:bundling:progress","_t":1791382882669,"id":"3","progress":0.5444651056014693,"total":660,"current":487}
{"_e":"metro:bundling:progress","_t":1791382882768,"id":"3","progress":0.5501067898248464,"total":662,"current":491}
{"_e":"metro:bundling:progress","_t":1791382882872,"id":"3","progress":0.5630640511052066,"total":665,"current":499}
{"_e":"metro:bundling:progress","_t":1791382882975,"id":"3","progress":0.564747750008964,"total":668,"current":502}
{"_e":"metro:bundling:progress","_t":1791382883072,"id":"3","progress":0.5669999820717845,"total":668,"current":503}
{"_e":"metro:bundling:progress","_t":1791382883172,"id":"3","progress":0.5715178923589946,"total":668,"current":505}
{"_e":"metro:bundling:progress","_t":1791382883285,"id":"3","progress":0.5737835705833841,"total":668,"current":506}
{"_e":"metro:bundling:progress","_t":1791382883441,"id":"3","progress":0.5783283731937323,"total":668,"current":508}
{"_e":"metro:bundling:progress","_t":1791382883603,"id":"3","progress":0.5806074975796909,"total":668,"current":509}
{"_e":"metro:bundling:progress","_t":1791382883710,"id":"3","progress":0.5851791925131772,"total":668,"current":511}
{"_e":"metro:bundling:progress","_t":1791382883817,"id":"3","progress":0.589768815662089,"total":668,"current":513}
{"_e":"metro:bundling:progress","_t":1791382883917,"id":"3","progress":0.6064893947417223,"total":669,"current":521}
{"_e":"metro:bundling:progress","_t":1791382884023,"id":"3","progress":0.6088198033340707,"total":669,"current":522}
{"_e":"metro:bundling:progress","_t":1791382884144,"id":"3","progress":0.6111546805910256,"total":669,"current":523}
{"_e":"metro:bundling:progress","_t":1791382884257,"id":"3","progress":0.61818612434953,"total":669,"current":526}
{"_e":"metro:bundling:progress","_t":1791382884374,"id":"3","progress":0.6205388762649113,"total":669,"current":527}
{"_e":"metro:bundling:progress","_t":1791382884482,"id":"3","progress":0.6238880954866395,"total":671,"current":530}
{"_e":"metro:bundling:progress","_t":1791382884610,"id":"3","progress":0.6329086419753087,"total":675,"current":537}
{"_e":"metro:bundling:progress","_t":1791382884749,"id":"3","progress":0.6329086419753087,"total":690,"current":539}
{"_e":"metro:bundling:progress","_t":1791382884859,"id":"3","progress":0.6329086419753087,"total":693,"current":543}
{"_e":"metro:bundling:progress","_t":1791382884953,"id":"3","progress":0.6329086419753087,"total":693,"current":544}
{"_e":"metro:bundling:progress","_t":1791382885101,"id":"3","progress":0.6329086419753087,"total":694,"current":547}
{"_e":"metro:bundling:progress","_t":1791382885205,"id":"3","progress":0.6329086419753087,"total":698,"current":553}
{"_e":"metro:bundling:progress","_t":1791382885306,"id":"3","progress":0.6345103898982767,"total":698,"current":556}
{"_e":"metro:bundling:progress","_t":1791382885422,"id":"3","progress":0.6413760970763787,"total":698,"current":559}
{"_e":"metro:bundling:progress","_t":1791382885588,"id":"3","progress":0.6436728762489634,"total":698,"current":560}
{"_e":"metro:bundling:progress","_t":1791382885689,"id":"3","progress":0.6459737604781569,"total":698,"current":561}
{"_e":"metro:bundling:progress","_t":1791382885852,"id":"3","progress":0.65290104350539,"total":698,"current":564}
{"_e":"metro:bundling:progress","_t":1791382885963,"id":"3","progress":0.65290104350539,"total":711,"current":566}
{"_e":"metro:bundling:progress","_t":1791382886075,"id":"3","progress":0.65290104350539,"total":711,"current":567}
{"_e":"metro:bundling:progress","_t":1791382886186,"id":"3","progress":0.65290104350539,"total":711,"current":569}
{"_e":"metro:bundling:progress","_t":1791382886286,"id":"3","progress":0.65290104350539,"total":732,"current":572}
{"_e":"metro:bundling:progress","_t":1791382886407,"id":"3","progress":0.65290104350539,"total":763,"current":573}
{"_e":"metro:bundling:progress","_t":1791382886697,"id":"3","progress":0.65290104350539,"total":764,"current":575}
{"_e":"metro:bundling:progress","_t":1791382886798,"id":"3","progress":0.65290104350539,"total":766,"current":579}
{"_e":"metro:bundling:progress","_t":1791382886882,"id":"3","progress":0.65290104350539,"total":766,"current":580}
{"_e":"metro:bundling:progress","_t":1791382886994,"id":"3","progress":0.65290104350539,"total":766,"current":581}
{"_e":"metro:bundling:progress","_t":1791382887095,"id":"3","progress":0.65290104350539,"total":766,"current":582}
{"_e":"metro:bundling:progress","_t":1791382887275,"id":"3","progress":0.65290104350539,"total":766,"current":585}
{"_e":"metro:bundling:progress","_t":1791382887434,"id":"3","progress":0.65290104350539,"total":766,"current":588}
{"_e":"metro:bundling:progress","_t":1791382887559,"id":"3","progress":0.65290104350539,"total":767,"current":589}
{"_e":"metro:bundling:progress","_t":1791382887665,"id":"3","progress":0.65290104350539,"total":769,"current":590}
{"_e":"metro:bundling:progress","_t":1791382887864,"id":"3","progress":0.65290104350539,"total":772,"current":593}
{"_e":"metro:bundling:progress","_t":1791382887985,"id":"3","progress":0.65290104350539,"total":774,"current":594}
{"_e":"metro:bundling:progress","_t":1791382888143,"id":"3","progress":0.65290104350539,"total":775,"current":595}
{"_e":"metro:bundling:progress","_t":1791382888306,"id":"3","progress":0.65290104350539,"total":779,"current":596}
{"_e":"metro:bundling:progress","_t":1791382888430,"id":"3","progress":0.65290104350539,"total":779,"current":597}
{"_e":"metro:bundling:progress","_t":1791382888553,"id":"3","progress":0.65290104350539,"total":796,"current":598}
{"_e":"metro:bundling:progress","_t":1791382888709,"id":"3","progress":0.65290104350539,"total":800,"current":601}
{"_e":"metro:bundling:progress","_t":1791382888845,"id":"3","progress":0.65290104350539,"total":800,"current":602}
{"_e":"metro:bundling:progress","_t":1791382889082,"id":"3","progress":0.65290104350539,"total":800,"current":603}
{"_e":"metro:bundling:progress","_t":1791382889260,"id":"3","progress":0.65290104350539,"total":800,"current":604}
{"_e":"metro:bundling:progress","_t":1791382889399,"id":"3","progress":0.65290104350539,"total":800,"current":606}
{"_e":"metro:bundling:progress","_t":1791382889508,"id":"3","progress":0.65290104350539,"total":806,"current":609}
{"_e":"metro:bundling:progress","_t":1791382889667,"id":"3","progress":0.65290104350539,"total":806,"current":610}
{"_e":"metro:bundling:progress","_t":1791382889825,"id":"3","progress":0.65290104350539,"total":806,"current":611}
{"_e":"metro:bundling:progress","_t":1791382889926,"id":"3","progress":0.65290104350539,"total":807,"current":612}
{"_e":"metro:bundling:progress","_t":1791382890040,"id":"3","progress":0.65290104350539,"total":810,"current":615}
{"_e":"metro:bundling:progress","_t":1791382890168,"id":"3","progress":0.65290104350539,"total":810,"current":616}
{"_e":"metro:bundling:progress","_t":1791382890294,"id":"3","progress":0.65290104350539,"total":810,"current":620}
{"_e":"metro:bundling:progress","_t":1791382890401,"id":"3","progress":0.65290104350539,"total":810,"current":624}
{"_e":"metro:bundling:progress","_t":1791382890510,"id":"3","progress":0.65290104350539,"total":814,"current":628}
{"_e":"metro:bundling:progress","_t":1791382890636,"id":"3","progress":0.65290104350539,"total":817,"current":630}
{"_e":"metro:bundling:progress","_t":1791382890760,"id":"3","progress":0.65290104350539,"total":818,"current":633}
{"_e":"metro:bundling:progress","_t":1791382890849,"id":"3","progress":0.65290104350539,"total":818,"current":634}
{"_e":"metro:bundling:progress","_t":1791382890958,"id":"3","progress":0.65290104350539,"total":818,"current":638}
{"_e":"metro:bundling:progress","_t":1791382891075,"id":"3","progress":0.65290104350539,"total":820,"current":640}
{"_e":"metro:bundling:progress","_t":1791382891199,"id":"3","progress":0.65290104350539,"total":823,"current":645}
{"_e":"metro:bundling:progress","_t":1791382891306,"id":"3","progress":0.65290104350539,"total":824,"current":647}
{"_e":"metro:bundling:progress","_t":1791382891417,"id":"3","progress":0.65290104350539,"total":825,"current":649}
{"_e":"metro:bundling:progress","_t":1791382891524,"id":"3","progress":0.65290104350539,"total":825,"current":650}
{"_e":"metro:bundling:progress","_t":1791382891621,"id":"3","progress":0.65290104350539,"total":827,"current":654}
{"_e":"metro:bundling:progress","_t":1791382891732,"id":"3","progress":0.65290104350539,"total":831,"current":655}
{"_e":"metro:bundling:progress","_t":1791382891828,"id":"3","progress":0.65290104350539,"total":831,"current":656}
{"_e":"metro:bundling:progress","_t":1791382891962,"id":"3","progress":0.65290104350539,"total":832,"current":659}
{"_e":"metro:bundling:progress","_t":1791382892116,"id":"3","progress":0.65290104350539,"total":835,"current":662}
{"_e":"metro:bundling:progress","_t":1791382892254,"id":"3","progress":0.65290104350539,"total":837,"current":664}
{"_e":"metro:bundling:progress","_t":1791382892402,"id":"3","progress":0.65290104350539,"total":838,"current":667}
{"_e":"metro:bundling:progress","_t":1791382892534,"id":"3","progress":0.65290104350539,"total":839,"current":670}
{"_e":"metro:bundling:progress","_t":1791382892661,"id":"3","progress":0.65290104350539,"total":839,"current":673}
{"_e":"metro:bundling:progress","_t":1791382892834,"id":"3","progress":0.65290104350539,"total":839,"current":675}
{"_e":"metro:bundling:progress","_t":1791382892975,"id":"3","progress":0.65290104350539,"total":840,"current":678}
{"_e":"metro:bundling:progress","_t":1791382893075,"id":"3","progress":0.655328798185941,"total":840,"current":680}
{"_e":"metro:bundling:progress","_t":1791382893185,"id":"3","progress":0.6572576530612245,"total":840,"current":681}
{"_e":"metro:bundling:progress","_t":1791382893311,"id":"3","progress":0.6611238662131519,"total":840,"current":683}
{"_e":"metro:bundling:progress","_t":1791382893425,"id":"3","progress":0.6650014172335601,"total":840,"current":685}
{"_e":"metro:bundling:progress","_t":1791382893634,"id":"3","progress":0.6669444444444445,"total":840,"current":686}
{"_e":"metro:bundling:progress","_t":1791382893768,"id":"3","progress":0.6688903061224489,"total":840,"current":687}
{"_e":"metro:bundling:progress","_t":1791382893923,"id":"3","progress":0.6747448979591836,"total":840,"current":690}
{"_e":"metro:bundling:progress","_t":1791382894025,"id":"3","progress":0.6806249999999999,"total":840,"current":693}
{"_e":"metro:bundling:progress","_t":1791382894143,"id":"3","progress":0.6845592403628117,"total":840,"current":695}
{"_e":"metro:bundling:progress","_t":1791382894254,"id":"3","progress":0.6888407860525024,"total":841,"current":698}
{"_e":"metro:bundling:progress","_t":1791382894365,"id":"3","progress":0.6927939531812675,"total":841,"current":700}
{"_e":"metro:bundling:progress","_t":1791382894473,"id":"3","progress":0.6934562632185509,"total":843,"current":702}
{"_e":"metro:bundling:progress","_t":1791382894582,"id":"3","progress":0.7033697366773188,"total":843,"current":707}
{"_e":"metro:bundling:progress","_t":1791382894685,"id":"3","progress":0.7053608743556945,"total":843,"current":708}
{"_e":"metro:bundling:progress","_t":1791382894786,"id":"3","progress":0.7056796230992117,"total":844,"current":709}
{"_e":"metro:bundling:progress","_t":1791382894890,"id":"3","progress":0.7056796230992117,"total":850,"current":711}
{"_e":"metro:bundling:progress","_t":1791382895016,"id":"3","progress":0.7056796230992117,"total":850,"current":712}
{"_e":"metro:bundling:progress","_t":1791382895129,"id":"3","progress":0.7056796230992117,"total":854,"current":713}
{"_e":"metro:bundling:progress","_t":1791382895229,"id":"3","progress":0.7056796230992117,"total":854,"current":714}
{"_e":"metro:bundling:progress","_t":1791382895386,"id":"3","progress":0.7056796230992117,"total":854,"current":715}
{"_e":"metro:bundling:progress","_t":1791382895508,"id":"3","progress":0.7056796230992117,"total":859,"current":716}
{"_e":"metro:bundling:progress","_t":1791382895628,"id":"3","progress":0.7056796230992117,"total":860,"current":717}
{"_e":"metro:bundling:progress","_t":1791382895745,"id":"3","progress":0.7056796230992117,"total":861,"current":718}
{"_e":"metro:bundling:progress","_t":1791382895850,"id":"3","progress":0.7056796230992117,"total":865,"current":720}
{"_e":"metro:bundling:progress","_t":1791382896232,"id":"3","progress":0.7056796230992117,"total":865,"current":721}
{"_e":"metro:bundling:progress","_t":1791382896359,"id":"3","progress":0.7056796230992117,"total":868,"current":724}
{"_e":"metro:bundling:progress","_t":1791382896457,"id":"3","progress":0.7056796230992117,"total":868,"current":725}
{"_e":"metro:bundling:progress","_t":1791382896572,"id":"3","progress":0.7056796230992117,"total":870,"current":730}
{"_e":"metro:bundling:progress","_t":1791382896695,"id":"3","progress":0.7098546703659664,"total":870,"current":733}
{"_e":"metro:bundling:progress","_t":1791382896810,"id":"3","progress":0.7123979463008165,"total":872,"current":736}
{"_e":"metro:bundling:progress","_t":1791382896877,"id":"3","progress":0.7143351254103191,"total":872,"current":737}
{"_e":"metro:bundling:progress","_t":1791382896978,"id":"3","progress":0.720456773065977,"total":873,"current":741}
{"_e":"metro:bundling:progress","_t":1791382897098,"id":"3","progress":0.7268780408163265,"total":875,"current":746}
{"_e":"metro:bundling:progress","_t":1791382897221,"id":"3","progress":0.7327359999999999,"total":875,"current":749}
{"_e":"metro:bundling:progress","_t":1791382897389,"id":"3","progress":0.7346938775510203,"total":875,"current":750}
{"_e":"metro:bundling:progress","_t":1791382897501,"id":"3","progress":0.7405831836734693,"total":875,"current":753}
{"_e":"metro:bundling:progress","_t":1791382897578,"id":"3","progress":0.7425515102040817,"total":875,"current":754}
{"_e":"metro:bundling:progress","_t":1791382897691,"id":"3","progress":0.7484721632653061,"total":875,"current":757}
{"_e":"metro:bundling:progress","_t":1791382897785,"id":"3","progress":0.7504509387755103,"total":875,"current":758}
{"_e":"metro:bundling:progress","_t":1791382897902,"id":"3","progress":0.7526948979379078,"total":876,"current":760}
{"_e":"metro:bundling:progress","_t":1791382898003,"id":"3","progress":0.7526948979379078,"total":887,"current":763}
{"_e":"metro:bundling:progress","_t":1791382898110,"id":"3","progress":0.7526948979379078,"total":892,"current":767}
{"_e":"metro:bundling:progress","_t":1791382898209,"id":"3","progress":0.7526948979379078,"total":892,"current":768}
{"_e":"metro:bundling:progress","_t":1791382898313,"id":"3","progress":0.7526948979379078,"total":895,"current":771}
{"_e":"metro:bundling:progress","_t":1791382898409,"id":"3","progress":0.7526948979379078,"total":895,"current":772}
{"_e":"metro:bundling:progress","_t":1791382898518,"id":"3","progress":0.7526948979379078,"total":895,"current":774}
{"_e":"metro:bundling:progress","_t":1791382898637,"id":"3","progress":0.7526948979379078,"total":906,"current":778}
{"_e":"metro:bundling:progress","_t":1791382898778,"id":"3","progress":0.7526948979379078,"total":911,"current":780}
{"_e":"metro:bundling:progress","_t":1791382898914,"id":"3","progress":0.7526948979379078,"total":917,"current":784}
{"_e":"metro:bundling:progress","_t":1791382899015,"id":"3","progress":0.7526948979379078,"total":925,"current":786}
{"_e":"metro:bundling:progress","_t":1791382899115,"id":"3","progress":0.7526948979379078,"total":932,"current":792}
{"_e":"metro:bundling:progress","_t":1791382899239,"id":"3","progress":0.7526948979379078,"total":932,"current":793}
{"_e":"metro:bundling:progress","_t":1791382899385,"id":"3","progress":0.7526948979379078,"total":936,"current":796}
{"_e":"metro:bundling:progress","_t":1791382899525,"id":"3","progress":0.7526948979379078,"total":936,"current":797}
{"_e":"metro:bundling:progress","_t":1791382899772,"id":"3","progress":0.7526948979379078,"total":938,"current":798}
{"_e":"metro:bundling:progress","_t":1791382899887,"id":"3","progress":0.7526948979379078,"total":945,"current":801}
{"_e":"metro:bundling:progress","_t":1791382900106,"id":"3","progress":0.7526948979379078,"total":945,"current":802}
{"_e":"metro:bundling:progress","_t":1791382900207,"id":"3","progress":0.7526948979379078,"total":946,"current":804}
{"_e":"metro:bundling:progress","_t":1791382900331,"id":"3","progress":0.7526948979379078,"total":951,"current":808}
{"_e":"metro:bundling:progress","_t":1791382900432,"id":"3","progress":0.7526948979379078,"total":951,"current":809}
{"_e":"metro:bundling:progress","_t":1791382900552,"id":"3","progress":0.7526948979379078,"total":951,"current":811}
{"_e":"metro:bundling:progress","_t":1791382900653,"id":"3","progress":0.7526948979379078,"total":957,"current":815}
{"_e":"metro:bundling:progress","_t":1791382900762,"id":"3","progress":0.7526948979379078,"total":962,"current":820}
{"_e":"metro:bundling:progress","_t":1791382900858,"id":"3","progress":0.7526948979379078,"total":962,"current":821}
{"_e":"metro:bundling:progress","_t":1791382900961,"id":"3","progress":0.7526948979379078,"total":963,"current":824}
{"_e":"metro:bundling:progress","_t":1791382901073,"id":"3","progress":0.7526948979379078,"total":964,"current":824}
{"_e":"metro:bundling:progress","_t":1791382901138,"id":"3","progress":0.7526948979379078,"total":964,"current":825}
{"_e":"metro:bundling:progress","_t":1791382901289,"id":"3","progress":0.7526948979379078,"total":967,"current":828}
{"_e":"metro:bundling:progress","_t":1791382901433,"id":"3","progress":0.7526948979379078,"total":967,"current":829}
{"_e":"metro:bundling:progress","_t":1791382901539,"id":"3","progress":0.7526948979379078,"total":971,"current":835}
{"_e":"metro:bundling:progress","_t":1791382901648,"id":"3","progress":0.7526948979379078,"total":971,"current":841}
{"_e":"metro:bundling:progress","_t":1791382901759,"id":"3","progress":0.7539670443191249,"total":972,"current":844}
{"_e":"metro:bundling:progress","_t":1791382901845,"id":"3","progress":0.7557547545259022,"total":972,"current":845}
{"_e":"metro:bundling:progress","_t":1791382902068,"id":"3","progress":0.7575445816186557,"total":972,"current":846}
{"_e":"metro:bundling:progress","_t":1791382902171,"id":"3","progress":0.7593365255973852,"total":972,"current":847}
{"_e":"metro:bundling:progress","_t":1791382902295,"id":"3","progress":0.7631539754248575,"total":973,"current":850}
{"_e":"metro:bundling:progress","_t":1791382902424,"id":"3","progress":0.7685504510794536,"total":973,"current":853}
{"_e":"metro:bundling:progress","_t":1791382902540,"id":"3","progress":0.775775327469635,"total":973,"current":857}
{"_e":"metro:bundling:progress","_t":1791382902654,"id":"3","progress":0.7775868279095707,"total":973,"current":858}
{"_e":"metro:bundling:progress","_t":1791382902761,"id":"3","progress":0.784853955038876,"total":973,"current":862}
{"_e":"metro:bundling:progress","_t":1791382902863,"id":"3","progress":0.7905291163684968,"total":974,"current":866}
{"_e":"metro:bundling:progress","_t":1791382902976,"id":"3","progress":0.7941847374656891,"total":974,"current":868}
{"_e":"metro:bundling:progress","_t":1791382903091,"id":"3","progress":0.7980444444444444,"total":975,"current":871}
{"_e":"metro:bundling:progress","_t":1791382903203,"id":"3","progress":0.8037416437113678,"total":976,"current":875}
{"_e":"metro:bundling:progress","_t":1791382903310,"id":"3","progress":0.8076066835056872,"total":977,"current":878}
{"_e":"metro:bundling:progress","_t":1791382903469,"id":"3","progress":0.8076066835056872,"total":980,"current":879}
{"_e":"metro:bundling:progress","_t":1791382903609,"id":"3","progress":0.8076066835056872,"total":1011,"current":881}
{"_e":"metro:bundling:progress","_t":1791382903731,"id":"3","progress":0.8076066835056872,"total":1014,"current":884}
{"_e":"metro:bundling:progress","_t":1791382903840,"id":"3","progress":0.8076066835056872,"total":1061,"current":886}
{"_e":"metro:bundling:progress","_t":1791382904094,"id":"3","progress":0.8076066835056872,"total":1061,"current":887}
{"_e":"metro:bundling:progress","_t":1791382904218,"id":"3","progress":0.8076066835056872,"total":1061,"current":888}
{"_e":"metro:bundling:progress","_t":1791382904349,"id":"3","progress":0.8076066835056872,"total":1062,"current":889}
{"_e":"metro:bundling:progress","_t":1791382904453,"id":"3","progress":0.8076066835056872,"total":1065,"current":892}
{"_e":"metro:bundling:progress","_t":1791382904542,"id":"3","progress":0.8076066835056872,"total":1065,"current":893}
{"_e":"metro:bundling:progress","_t":1791382904663,"id":"3","progress":0.8076066835056872,"total":1070,"current":895}
{"_e":"metro:bundling:progress","_t":1791382904798,"id":"3","progress":0.8076066835056872,"total":1070,"current":896}
{"_e":"metro:bundling:progress","_t":1791382904898,"id":"3","progress":0.8076066835056872,"total":1072,"current":902}
{"_e":"metro:bundling:progress","_t":1791382905137,"id":"3","progress":0.8076066835056872,"total":1079,"current":907}
{"_e":"metro:bundling:progress","_t":1791382905237,"id":"3","progress":0.8076066835056872,"total":1080,"current":910}
{"_e":"metro:bundling:progress","_t":1791382905340,"id":"3","progress":0.8076066835056872,"total":1080,"current":912}
{"_e":"metro:bundling:progress","_t":1791382905440,"id":"3","progress":0.8076066835056872,"total":1083,"current":916}
{"_e":"metro:bundling:progress","_t":1791382905560,"id":"3","progress":0.8076066835056872,"total":1084,"current":918}
{"_e":"metro:bundling:progress","_t":1791382905658,"id":"3","progress":0.8076066835056872,"total":1084,"current":919}
{"_e":"metro:bundling:progress","_t":1791382905765,"id":"3","progress":0.8076066835056872,"total":1089,"current":922}
{"_e":"metro:bundling:progress","_t":1791382905862,"id":"3","progress":0.8076066835056872,"total":1089,"current":923}
{"_e":"metro:bundling:progress","_t":1791382905972,"id":"3","progress":0.8076066835056872,"total":1089,"current":924}
{"_e":"metro:bundling:progress","_t":1791382906091,"id":"3","progress":0.8076066835056872,"total":1089,"current":925}
{"_e":"metro:bundling:progress","_t":1791382906209,"id":"3","progress":0.8076066835056872,"total":1090,"current":927}
{"_e":"metro:bundling:progress","_t":1791382906309,"id":"3","progress":0.8076066835056872,"total":1094,"current":930}
{"_e":"metro:bundling:progress","_t":1791382906556,"id":"3","progress":0.8076066835056872,"total":1094,"current":931}
{"_e":"metro:bundling:progress","_t":1791382906663,"id":"3","progress":0.8076066835056872,"total":1096,"current":935}
{"_e":"metro:bundling:progress","_t":1791382906778,"id":"3","progress":0.8076066835056872,"total":1099,"current":941}
{"_e":"metro:bundling:progress","_t":1791382906884,"id":"3","progress":0.8076066835056872,"total":1100,"current":947}
{"_e":"metro:bundling:progress","_t":1791382906988,"id":"3","progress":0.8076066835056872,"total":1100,"current":949}
{"_e":"metro:bundling:progress","_t":1791382907093,"id":"3","progress":0.8076066835056872,"total":1100,"current":950}
{"_e":"metro:bundling:progress","_t":1791382907229,"id":"3","progress":0.8076066835056872,"total":1100,"current":951}
{"_e":"metro:bundling:progress","_t":1791382907389,"id":"3","progress":0.8076066835056872,"total":1100,"current":952}
{"_e":"metro:bundling:progress","_t":1791382907524,"id":"3","progress":0.8076066835056872,"total":1101,"current":953}
{"_e":"metro:bundling:progress","_t":1791382907662,"id":"3","progress":0.8076066835056872,"total":1101,"current":954}
{"_e":"metro:bundling:progress","_t":1791382907805,"id":"3","progress":0.8076066835056872,"total":1101,"current":955}
{"_e":"metro:bundling:progress","_t":1791382907934,"id":"3","progress":0.8076066835056872,"total":1101,"current":956}
{"_e":"metro:bundling:progress","_t":1791382908225,"id":"3","progress":0.8076066835056872,"total":1101,"current":957}
{"_e":"metro:bundling:progress","_t":1791382908369,"id":"3","progress":0.8076066835056872,"total":1104,"current":958}
{"_e":"metro:bundling:progress","_t":1791382908478,"id":"3","progress":0.8076066835056872,"total":1104,"current":959}
{"_e":"metro:bundling:progress","_t":1791382908584,"id":"3","progress":0.8076066835056872,"total":1105,"current":960}
{"_e":"metro:bundling:progress","_t":1791382908742,"id":"3","progress":0.8076066835056872,"total":1105,"current":961}
{"_e":"metro:bundling:progress","_t":1791382908856,"id":"3","progress":0.8076066835056872,"total":1105,"current":962}
{"_e":"metro:bundling:progress","_t":1791382908988,"id":"3","progress":0.8076066835056872,"total":1106,"current":963}
{"_e":"metro:bundling:progress","_t":1791382909131,"id":"3","progress":0.8076066835056872,"total":1106,"current":964}
{"_e":"metro:bundling:progress","_t":1791382909343,"id":"3","progress":0.8076066835056872,"total":1106,"current":965}
{"_e":"metro:bundling:progress","_t":1791382909528,"id":"3","progress":0.8076066835056872,"total":1107,"current":966}
{"_e":"metro:bundling:progress","_t":1791382909848,"id":"3","progress":0.8076066835056872,"total":1107,"current":967}
{"_e":"metro:bundling:progress","_t":1791382910022,"id":"3","progress":0.8076066835056872,"total":1107,"current":968}
{"_e":"metro:bundling:progress","_t":1791382910131,"id":"3","progress":0.8076066835056872,"total":1109,"current":969}
{"_e":"metro:bundling:progress","_t":1791382910345,"id":"3","progress":0.8076066835056872,"total":1109,"current":971}
{"_e":"metro:bundling:progress","_t":1791382910445,"id":"3","progress":0.8076066835056872,"total":1109,"current":972}
{"_e":"metro:bundling:progress","_t":1791382910597,"id":"3","progress":0.8076066835056872,"total":1109,"current":973}
{"_e":"metro:bundling:progress","_t":1791382910800,"id":"3","progress":0.8076066835056872,"total":1109,"current":975}
{"_e":"metro:bundling:progress","_t":1791382911024,"id":"3","progress":0.8076066835056872,"total":1112,"current":978}
{"_e":"metro:bundling:progress","_t":1791382911134,"id":"3","progress":0.8076066835056872,"total":1112,"current":979}
{"_e":"metro:bundling:progress","_t":1791382911266,"id":"3","progress":0.8076066835056872,"total":1115,"current":980}
{"_e":"metro:bundling:progress","_t":1791382911393,"id":"3","progress":0.8076066835056872,"total":1115,"current":981}
{"_e":"metro:bundling:progress","_t":1791382911527,"id":"3","progress":0.8076066835056872,"total":1115,"current":982}
{"_e":"metro:bundling:progress","_t":1791382911668,"id":"3","progress":0.8076066835056872,"total":1115,"current":983}
{"_e":"metro:bundling:progress","_t":1791382911773,"id":"3","progress":0.8076066835056872,"total":1115,"current":984}
{"_e":"metro:bundling:progress","_t":1791382912020,"id":"3","progress":0.8076066835056872,"total":1115,"current":987}
{"_e":"metro:bundling:progress","_t":1791382912381,"id":"3","progress":0.8076066835056872,"total":1116,"current":989}
{"_e":"metro:bundling:progress","_t":1791382912531,"id":"3","progress":0.8076066835056872,"total":1116,"current":990}
{"_e":"metro:bundling:progress","_t":1791382912678,"id":"3","progress":0.8076066835056872,"total":1116,"current":991}
{"_e":"metro:bundling:progress","_t":1791382912778,"id":"3","progress":0.8076066835056872,"total":1116,"current":993}
{"_e":"metro:bundling:progress","_t":1791382912884,"id":"3","progress":0.8076066835056872,"total":1116,"current":994}
{"_e":"metro:bundling:progress","_t":1791382913105,"id":"3","progress":0.8076066835056872,"total":1116,"current":995}
{"_e":"metro:bundling:progress","_t":1791382913208,"id":"3","progress":0.8076066835056872,"total":1116,"current":996}
{"_e":"metro:bundling:progress","_t":1791382913320,"id":"3","progress":0.8076066835056872,"total":1116,"current":997}
{"_e":"metro:bundling:progress","_t":1791382913427,"id":"3","progress":0.8076066835056872,"total":1116,"current":998}
{"_e":"metro:bundling:progress","_t":1791382913557,"id":"3","progress":0.8076066835056872,"total":1116,"current":999}
{"_e":"metro:bundling:progress","_t":1791382913705,"id":"3","progress":0.8076066835056872,"total":1116,"current":1001}
{"_e":"metro:bundling:progress","_t":1791382913811,"id":"3","progress":0.8093549671766808,"total":1116,"current":1004}
{"_e":"metro:bundling:progress","_t":1791382914018,"id":"3","progress":0.8109680309862412,"total":1116,"current":1005}
{"_e":"metro:bundling:progress","_t":1791382914176,"id":"3","progress":0.8125827006333424,"total":1116,"current":1006}
{"_e":"metro:bundling:progress","_t":1791382914402,"id":"3","progress":0.8141989761179842,"total":1116,"current":1007}
{"_e":"metro:bundling:progress","_t":1791382914586,"id":"3","progress":0.8158168574401664,"total":1116,"current":1008}
{"_e":"metro:bundling:progress","_t":1791382914695,"id":"3","progress":0.8190574375971532,"total":1116,"current":1010}
{"_e":"metro:bundling:progress","_t":1791382914824,"id":"3","progress":0.8206801364319574,"total":1116,"current":1011}
{"_e":"metro:bundling:progress","_t":1791382914941,"id":"3","progress":0.825557867961614,"total":1116,"current":1014}
{"_e":"metro:bundling:progress","_t":1791382915034,"id":"3","progress":0.8271869901465808,"total":1116,"current":1015}
{"_e":"metro:bundling:progress","_t":1791382915159,"id":"3","progress":0.8292551836385258,"total":1119,"current":1019}
{"_e":"metro:bundling:progress","_t":1791382915275,"id":"3","progress":0.8310275829081633,"total":1120,"current":1021}
{"_e":"metro:bundling:progress","_t":1791382915407,"id":"3","progress":0.8345685543703789,"total":1122,"current":1025}
{"_e":"metro:bundling:progress","_t":1791382915545,"id":"3","progress":0.8363371233236252,"total":1123,"current":1027}
{"_e":"metro:bundling:progress","_t":1791382915646,"id":"3","progress":0.8397341725662035,"total":1124,"current":1030}
{"_e":"metro:bundling:progress","_t":1791382915764,"id":"3","progress":0.8413655158875901,"total":1124,"current":1031}
{"_e":"metro:bundling:progress","_t":1791382915866,"id":"3","progress":0.8431320493827161,"total":1125,"current":1033}
{"_e":"metro:bundling:progress","_t":1791382916007,"id":"3","progress":0.8435315124993713,"total":1128,"current":1036}
{"_e":"metro:bundling:progress","_t":1791382916117,"id":"3","progress":0.8451607376389518,"total":1128,"current":1037}
{"_e":"metro:bundling:progress","_t":1791382916220,"id":"3","progress":0.8486811809851985,"total":1130,"current":1041}
{"_e":"metro:bundling:progress","_t":1791382916323,"id":"3","progress":0.8535797634897017,"total":1130,"current":1044}
{"_e":"metro:bundling:progress","_t":1791382916426,"id":"3","progress":0.8584924426345053,"total":1130,"current":1047}
{"_e":"metro:bundling:progress","_t":1791382916527,"id":"3","progress":0.8700101809068839,"total":1130,"current":1054}
{"_e":"metro:bundling:progress","_t":1791382916634,"id":"3","progress":0.87496984885269,"total":1130,"current":1057}
{"_e":"metro:bundling:progress","_t":1791382916861,"id":"3","progress":0.8766262040880256,"total":1130,"current":1058}
{"_e":"metro:bundling:progress","_t":1791382916989,"id":"3","progress":0.8833673009105187,"total":1131,"current":1063}
{"_e":"metro:bundling:progress","_t":1791382917091,"id":"3","progress":0.8833673009105187,"total":1135,"current":1065}
{"_e":"metro:bundling:progress","_t":1791382917252,"id":"3","progress":0.8833673009105187,"total":1135,"current":1066}
{"_e":"metro:bundling:progress","_t":1791382917348,"id":"3","progress":0.8856183896736384,"total":1137,"current":1070}
{"_e":"metro:bundling:progress","_t":1791382917489,"id":"3","progress":0.8906847952656434,"total":1138,"current":1074}
{"_e":"metro:bundling:progress","_t":1791382917575,"id":"3","progress":0.8924360277834089,"total":1139,"current":1076}
{"_e":"metro:bundling:progress","_t":1791382917688,"id":"3","progress":0.8940956016282786,"total":1139,"current":1077}
{"_e":"metro:bundling:progress","_t":1791382917826,"id":"3","progress":0.8941859033548786,"total":1140,"current":1078}
{"_e":"metro:bundling:progress","_t":1791382917926,"id":"3","progress":0.8941859033548786,"total":1153,"current":1081}
{"_e":"metro:bundling:progress","_t":1791382918109,"id":"3","progress":0.8941859033548786,"total":1153,"current":1082}
{"_e":"metro:bundling:progress","_t":1791382918217,"id":"3","progress":0.8941859033548786,"total":1153,"current":1083}
{"_e":"metro:bundling:progress","_t":1791382918418,"id":"3","progress":0.8941859033548786,"total":1154,"current":1085}
{"_e":"metro:bundling:progress","_t":1791382918537,"id":"3","progress":0.8941859033548786,"total":1154,"current":1087}
{"_e":"metro:bundling:progress","_t":1791382918653,"id":"3","progress":0.8941859033548786,"total":1155,"current":1088}
{"_e":"metro:bundling:progress","_t":1791382918802,"id":"3","progress":0.8941859033548786,"total":1156,"current":1091}
{"_e":"metro:bundling:progress","_t":1791382918959,"id":"3","progress":0.8956100860861339,"total":1156,"current":1094}
{"_e":"metro:bundling:progress","_t":1791382919060,"id":"3","progress":0.8958728665111767,"total":1159,"current":1097}
{"_e":"metro:bundling:progress","_t":1791382919196,"id":"3","progress":0.8992271105826397,"total":1160,"current":1100}
{"_e":"metro:bundling:progress","_t":1791382919298,"id":"3","progress":0.90742048156956,"total":1160,"current":1105}
{"_e":"metro:bundling:progress","_t":1791382919404,"id":"3","progress":0.9123543400713436,"total":1160,"current":1108}
{"_e":"metro:bundling:progress","_t":1791382919489,"id":"3","progress":0.9140019322235434,"total":1160,"current":1109}
{"_e":"metro:bundling:progress","_t":1791382919613,"id":"3","progress":0.9190219604858147,"total":1161,"current":1113}
{"_e":"metro:bundling:progress","_t":1791382919756,"id":"3","progress":0.9223932859542424,"total":1162,"current":1116}
{"_e":"metro:bundling:progress","_t":1791382919846,"id":"3","progress":0.9240470611237672,"total":1162,"current":1117}
{"_e":"metro:bundling:progress","_t":1791382919965,"id":"3","progress":0.9240470611237672,"total":1168,"current":1121}
{"_e":"metro:bundling:progress","_t":1791382920065,"id":"3","progress":0.9240470611237672,"total":1168,"current":1122}
{"_e":"metro:bundling:progress","_t":1791382920308,"id":"3","progress":0.924429565819103,"total":1168,"current":1123}
{"_e":"metro:bundling:progress","_t":1791382920442,"id":"3","progress":0.9260766560330268,"total":1168,"current":1124}
{"_e":"metro:bundling:progress","_t":1791382920592,"id":"3","progress":0.9277252122818541,"total":1168,"current":1125}
{"_e":"metro:bundling:progress","_t":1791382920651,"id":"3","progress":0.9293752345655846,"total":1168,"current":1126}
{"_e":"metro:bundling:progress","_t":1791382920780,"id":"3","progress":0.9362048480471525,"total":1172,"current":1134}
{"_e":"metro:bundling:progress","_t":1791382920886,"id":"3","progress":0.9395100700066396,"total":1172,"current":1136}
{"_e":"metro:bundling:progress","_t":1791382921017,"id":"3","progress":0.9461379864646066,"total":1172,"current":1140}
{"_e":"metro:bundling:progress","_t":1791382921118,"id":"3","progress":0.9511242122797005,"total":1172,"current":1143}
{"_e":"metro:bundling:progress","_t":1791382921222,"id":"3","progress":0.956123542499039,"total":1172,"current":1146}
{"_e":"metro:bundling:progress","_t":1791382921310,"id":"3","progress":0.9577928979953173,"total":1172,"current":1147}
{"_e":"metro:bundling:progress","_t":1791382921412,"id":"3","progress":0.9595320530866096,"total":1174,"current":1150}
{"_e":"metro:bundling:progress","_t":1791382921518,"id":"3","progress":0.9746095847275873,"total":1174,"current":1159}
{"_e":"metro:bundling:progress","_t":1791382921623,"id":"3","progress":0.9746095847275873,"total":1186,"current":1162}
{"_e":"metro:bundling:progress","_t":1791382921751,"id":"3","progress":0.9746095847275873,"total":1186,"current":1165}
{"_e":"metro:bundling:progress","_t":1791382921994,"id":"3","progress":0.9746095847275873,"total":1186,"current":1166}
{"_e":"metro:bundling:progress","_t":1791382922153,"id":"3","progress":0.9746095847275873,"total":1186,"current":1167}
{"_e":"metro:bundling:progress","_t":1791382922268,"id":"3","progress":0.9746095847275873,"total":1186,"current":1168}
{"_e":"metro:bundling:progress","_t":1791382922384,"id":"3","progress":0.9746095847275873,"total":1186,"current":1169}
{"_e":"metro:bundling:progress","_t":1791382922518,"id":"3","progress":0.9748858917406983,"total":1187,"current":1172}
{"_e":"metro:bundling:progress","_t":1791382922624,"id":"3","progress":0.9749278676627142,"total":1189,"current":1174}
{"_e":"metro:bundling:progress","_t":1791382922713,"id":"3","progress":0.976589440207792,"total":1189,"current":1175}
{"_e":"metro:bundling:progress","_t":1791382922813,"id":"3","progress":0.9849437532120627,"total":1191,"current":1182}
{"_e":"metro:bundling:progress","_t":1791382922925,"id":"3","progress":0.9899750006312972,"total":1194,"current":1188}
{"_e":"metro:bundling:progress","_t":1791382923091,"id":"3","progress":0.9916423266528062,"total":1194,"current":1189}
{"_e":"metro:bundling:progress","_t":1791382923199,"id":"3","progress":0.9949811873437541,"total":1194,"current":1191}
{"_e":"metro:bundling:progress","_t":1791382923300,"id":"3","progress":0.9949811873437541,"total":1197,"current":1193}
{"_e":"metro:bundling:progress","_t":1791382923418,"id":"3","progress":0.9949937500392584,"total":1197,"current":1194}
{"_e":"metro:bundling:progress","_t":1791382923574,"id":"3","progress":0.9966611041667103,"total":1197,"current":1195}
{"_e":"metro:bundling:progress","_t":1791382923776,"id":"3","progress":0.999,"total":1197,"current":1197}
{"_e":"metro:bundling:done","_t":1791382924789,"id":"3","total":1197,"ms":76196.119}
{"_e":"metro:bundling:started","_t":1791383064354,"id":"6","platform":"android","environment":null,"entry":"index.ts"}
{"_e":"metro:bundling:progress","_t":1791383064379,"id":"6","progress":0,"total":1,"current":0}
{"_e":"metro:bundling:done","_t":1791383066845,"id":"6","total":1,"ms":2477.1822}
